LineBreakpoint created at smartStepIntoInlineLambdasWithCondition.kt:21
LineBreakpoint created at smartStepIntoInlineLambdasWithCondition.kt:31
LineBreakpoint created at smartStepIntoInlineLambdasWithCondition.kt:41
Run Java
Connected to the target VM
smartStepIntoInlineLambdasWithCondition.kt:21
smartStepIntoInlineLambdasWithCondition.kt:5
smartStepIntoInlineLambdasWithCondition.kt:5
smartStepIntoInlineLambdasWithCondition.kt:9
smartStepIntoInlineLambdasWithCondition.kt:31
smartStepIntoInlineLambdasWithCondition.kt:41
Disconnected from the target VM

Process finished with exit code 0
